12:52:04 **** Incremental Build of configuration Debug for project 003Add ****
make -j4 all 
arm-none-eabi-size   003Add.elf 
   text	   data	    bss	    dec	    hex	filename
   5004	    116	   1588	   6708	   1a34	003Add.elf
Finished building: default.size.stdout
 
12:57:44 **** Incremental Build of configuration Debug for project 003Add ****
make -j4 all 
arm-none-eabi-size   003Add.elf 
   text	   data	    bss	    dec	    hex	filename
   5004	    116	   1588	   6708	   1a34	003Add.elf
Finished building: default.size.stdout
 
10:48:02 **** Incremental Build of configuration Debug for project 003Add ****
make -j4 all 
arm-none-eabi-size   003Add.elf 
   text	   data	    bss	    dec	    hex	filename
   5004	    116	   1588	   6708	   1a34	003Add.elf
Finished building: default.size.stdout
 
10:54:32 **** Incremental Build of configuration Debug for project 003Add ****
make -j4 all 
arm-none-eabi-size   003Add.elf 
   text	   data	    bss	    dec	    hex	filename
   5004	    116	   1588	   6708	   1a34	003Add.elf
Finished building: default.size.stdout
 
